[2026-05-31T21:26:43.984+0000] {processor.py:161} INFO - Started process (PID=93) to work on /opt/airflow/dags/bcb_pipeline.py
[2026-05-31T21:26:43.986+0000] {processor.py:830} INFO - Processing file /opt/airflow/dags/bcb_pipeline.py for tasks to queue
[2026-05-31T21:26:43.988+0000] {logging_mixin.py:188} INFO - [2026-05-31T21:26:43.988+0000] {dagbag.py:545} INFO - Filling up the DagBag from /opt/airflow/dags/bcb_pipeline.py
[2026-05-31T21:26:44.021+0000] {processor.py:840} INFO - DAG(s) 'bcb_lakehouse_pipeline' retrieved from /opt/airflow/dags/bcb_pipeline.py
[2026-05-31T21:26:44.062+0000] {logging_mixin.py:188} INFO - [2026-05-31T21:26:44.062+0000] {dag.py:3096} INFO - Sync 1 DAGs
[2026-05-31T21:26:44.109+0000] {logging_mixin.py:188} INFO - [2026-05-31T21:26:44.108+0000] {dag.py:3954} INFO - Setting next_dagrun for bcb_lakehouse_pipeline to 2026-05-30 00:00:00+00:00, run_after=2026-05-31 00:00:00+00:00
[2026-05-31T21:26:44.133+0000] {processor.py:183} INFO - Processing /opt/airflow/dags/bcb_pipeline.py took 0.158 seconds
[2026-05-31T21:27:14.250+0000] {processor.py:161} INFO - Started process (PID=121) to work on /opt/airflow/dags/bcb_pipeline.py
[2026-05-31T21:27:14.253+0000] {processor.py:830} INFO - Processing file /opt/airflow/dags/bcb_pipeline.py for tasks to queue
[2026-05-31T21:27:14.257+0000] {logging_mixin.py:188} INFO - [2026-05-31T21:27:14.257+0000] {dagbag.py:545} INFO - Filling up the DagBag from /opt/airflow/dags/bcb_pipeline.py
[2026-05-31T21:27:14.298+0000] {processor.py:840} INFO - DAG(s) 'bcb_lakehouse_pipeline' retrieved from /opt/airflow/dags/bcb_pipeline.py
[2026-05-31T21:27:14.496+0000] {logging_mixin.py:188} INFO - [2026-05-31T21:27:14.496+0000] {dag.py:3096} INFO - Sync 1 DAGs
[2026-05-31T21:27:14.529+0000] {logging_mixin.py:188} INFO - [2026-05-31T21:27:14.528+0000] {dag.py:3954} INFO - Setting next_dagrun for bcb_lakehouse_pipeline to 2026-05-30 00:00:00+00:00, run_after=2026-05-31 00:00:00+00:00
[2026-05-31T21:27:14.604+0000] {processor.py:183} INFO - Processing /opt/airflow/dags/bcb_pipeline.py took 0.367 seconds
[2026-05-31T21:27:44.958+0000] {processor.py:161} INFO - Started process (PID=122) to work on /opt/airflow/dags/bcb_pipeline.py
[2026-05-31T21:27:44.960+0000] {processor.py:830} INFO - Processing file /opt/airflow/dags/bcb_pipeline.py for tasks to queue
[2026-05-31T21:27:44.963+0000] {logging_mixin.py:188} INFO - [2026-05-31T21:27:44.963+0000] {dagbag.py:545} INFO - Filling up the DagBag from /opt/airflow/dags/bcb_pipeline.py
[2026-05-31T21:27:45.004+0000] {processor.py:840} INFO - DAG(s) 'bcb_lakehouse_pipeline' retrieved from /opt/airflow/dags/bcb_pipeline.py
[2026-05-31T21:27:45.058+0000] {logging_mixin.py:188} INFO - [2026-05-31T21:27:45.058+0000] {dag.py:3096} INFO - Sync 1 DAGs
[2026-05-31T21:27:45.098+0000] {logging_mixin.py:188} INFO - [2026-05-31T21:27:45.097+0000] {dag.py:3954} INFO - Setting next_dagrun for bcb_lakehouse_pipeline to 2026-05-30 00:00:00+00:00, run_after=2026-05-31 00:00:00+00:00
[2026-05-31T21:27:45.160+0000] {processor.py:183} INFO - Processing /opt/airflow/dags/bcb_pipeline.py took 0.212 seconds
[2026-05-31T21:28:15.291+0000] {processor.py:161} INFO - Started process (PID=123) to work on /opt/airflow/dags/bcb_pipeline.py
[2026-05-31T21:28:15.292+0000] {processor.py:830} INFO - Processing file /opt/airflow/dags/bcb_pipeline.py for tasks to queue
[2026-05-31T21:28:15.295+0000] {logging_mixin.py:188} INFO - [2026-05-31T21:28:15.294+0000] {dagbag.py:545} INFO - Filling up the DagBag from /opt/airflow/dags/bcb_pipeline.py
[2026-05-31T21:28:15.321+0000] {processor.py:840} INFO - DAG(s) 'bcb_lakehouse_pipeline' retrieved from /opt/airflow/dags/bcb_pipeline.py
[2026-05-31T21:28:15.363+0000] {logging_mixin.py:188} INFO - [2026-05-31T21:28:15.363+0000] {dag.py:3096} INFO - Sync 1 DAGs
[2026-05-31T21:28:15.391+0000] {logging_mixin.py:188} INFO - [2026-05-31T21:28:15.391+0000] {dag.py:3954} INFO - Setting next_dagrun for bcb_lakehouse_pipeline to 2026-05-30 00:00:00+00:00, run_after=2026-05-31 00:00:00+00:00
[2026-05-31T21:28:15.416+0000] {processor.py:183} INFO - Processing /opt/airflow/dags/bcb_pipeline.py took 0.133 seconds
[2026-05-31T21:28:45.571+0000] {processor.py:161} INFO - Started process (PID=125) to work on /opt/airflow/dags/bcb_pipeline.py
[2026-05-31T21:28:45.574+0000] {processor.py:830} INFO - Processing file /opt/airflow/dags/bcb_pipeline.py for tasks to queue
[2026-05-31T21:28:45.579+0000] {logging_mixin.py:188} INFO - [2026-05-31T21:28:45.578+0000] {dagbag.py:545} INFO - Filling up the DagBag from /opt/airflow/dags/bcb_pipeline.py
[2026-05-31T21:28:45.626+0000] {processor.py:840} INFO - DAG(s) 'bcb_lakehouse_pipeline' retrieved from /opt/airflow/dags/bcb_pipeline.py
[2026-05-31T21:28:45.687+0000] {logging_mixin.py:188} INFO - [2026-05-31T21:28:45.687+0000] {dag.py:3096} INFO - Sync 1 DAGs
[2026-05-31T21:28:45.725+0000] {logging_mixin.py:188} INFO - [2026-05-31T21:28:45.725+0000] {dag.py:3954} INFO - Setting next_dagrun for bcb_lakehouse_pipeline to 2026-05-30 00:00:00+00:00, run_after=2026-05-31 00:00:00+00:00
[2026-05-31T21:28:45.796+0000] {processor.py:183} INFO - Processing /opt/airflow/dags/bcb_pipeline.py took 0.237 seconds
[2026-05-31T21:29:15.905+0000] {processor.py:161} INFO - Started process (PID=126) to work on /opt/airflow/dags/bcb_pipeline.py
[2026-05-31T21:29:15.908+0000] {processor.py:830} INFO - Processing file /opt/airflow/dags/bcb_pipeline.py for tasks to queue
[2026-05-31T21:29:15.911+0000] {logging_mixin.py:188} INFO - [2026-05-31T21:29:15.911+0000] {dagbag.py:545} INFO - Filling up the DagBag from /opt/airflow/dags/bcb_pipeline.py
[2026-05-31T21:29:15.954+0000] {processor.py:840} INFO - DAG(s) 'bcb_lakehouse_pipeline' retrieved from /opt/airflow/dags/bcb_pipeline.py
[2026-05-31T21:29:16.005+0000] {logging_mixin.py:188} INFO - [2026-05-31T21:29:16.005+0000] {dag.py:3096} INFO - Sync 1 DAGs
[2026-05-31T21:29:16.043+0000] {logging_mixin.py:188} INFO - [2026-05-31T21:29:16.043+0000] {dag.py:3954} INFO - Setting next_dagrun for bcb_lakehouse_pipeline to 2026-05-30 00:00:00+00:00, run_after=2026-05-31 00:00:00+00:00
[2026-05-31T21:29:16.105+0000] {processor.py:183} INFO - Processing /opt/airflow/dags/bcb_pipeline.py took 0.214 seconds
[2026-05-31T21:29:48.056+0000] {processor.py:161} INFO - Started process (PID=127) to work on /opt/airflow/dags/bcb_pipeline.py
[2026-05-31T21:29:48.058+0000] {processor.py:830} INFO - Processing file /opt/airflow/dags/bcb_pipeline.py for tasks to queue
[2026-05-31T21:29:48.062+0000] {logging_mixin.py:188} INFO - [2026-05-31T21:29:48.061+0000] {dagbag.py:545} INFO - Filling up the DagBag from /opt/airflow/dags/bcb_pipeline.py
[2026-05-31T21:29:48.100+0000] {processor.py:840} INFO - DAG(s) 'bcb_lakehouse_pipeline' retrieved from /opt/airflow/dags/bcb_pipeline.py
[2026-05-31T21:29:48.150+0000] {logging_mixin.py:188} INFO - [2026-05-31T21:29:48.150+0000] {dag.py:3096} INFO - Sync 1 DAGs
[2026-05-31T21:29:48.186+0000] {logging_mixin.py:188} INFO - [2026-05-31T21:29:48.186+0000] {dag.py:3954} INFO - Setting next_dagrun for bcb_lakehouse_pipeline to 2026-05-30 00:00:00+00:00, run_after=2026-05-31 00:00:00+00:00
[2026-05-31T21:29:48.256+0000] {processor.py:183} INFO - Processing /opt/airflow/dags/bcb_pipeline.py took 0.212 seconds
[2026-05-31T21:30:18.409+0000] {processor.py:161} INFO - Started process (PID=165) to work on /opt/airflow/dags/bcb_pipeline.py
[2026-05-31T21:30:18.411+0000] {processor.py:830} INFO - Processing file /opt/airflow/dags/bcb_pipeline.py for tasks to queue
[2026-05-31T21:30:18.415+0000] {logging_mixin.py:188} INFO - [2026-05-31T21:30:18.414+0000] {dagbag.py:545} INFO - Filling up the DagBag from /opt/airflow/dags/bcb_pipeline.py
[2026-05-31T21:30:18.447+0000] {processor.py:840} INFO - DAG(s) 'bcb_lakehouse_pipeline' retrieved from /opt/airflow/dags/bcb_pipeline.py
[2026-05-31T21:30:18.487+0000] {logging_mixin.py:188} INFO - [2026-05-31T21:30:18.487+0000] {dag.py:3096} INFO - Sync 1 DAGs
[2026-05-31T21:30:18.518+0000] {logging_mixin.py:188} INFO - [2026-05-31T21:30:18.517+0000] {dag.py:3954} INFO - Setting next_dagrun for bcb_lakehouse_pipeline to 2026-05-31 00:00:00+00:00, run_after=2026-06-01 00:00:00+00:00
[2026-05-31T21:30:18.550+0000] {processor.py:183} INFO - Processing /opt/airflow/dags/bcb_pipeline.py took 0.152 seconds
[2026-05-31T21:30:49.619+0000] {processor.py:161} INFO - Started process (PID=183) to work on /opt/airflow/dags/bcb_pipeline.py
[2026-05-31T21:30:49.622+0000] {processor.py:830} INFO - Processing file /opt/airflow/dags/bcb_pipeline.py for tasks to queue
[2026-05-31T21:30:49.625+0000] {logging_mixin.py:188} INFO - [2026-05-31T21:30:49.624+0000] {dagbag.py:545} INFO - Filling up the DagBag from /opt/airflow/dags/bcb_pipeline.py
[2026-05-31T21:30:49.706+0000] {processor.py:840} INFO - DAG(s) 'bcb_lakehouse_pipeline' retrieved from /opt/airflow/dags/bcb_pipeline.py
[2026-05-31T21:30:49.766+0000] {logging_mixin.py:188} INFO - [2026-05-31T21:30:49.765+0000] {dag.py:3096} INFO - Sync 1 DAGs
[2026-05-31T21:30:49.806+0000] {logging_mixin.py:188} INFO - [2026-05-31T21:30:49.805+0000] {dag.py:3954} INFO - Setting next_dagrun for bcb_lakehouse_pipeline to 2026-05-31 00:00:00+00:00, run_after=2026-06-01 00:00:00+00:00
[2026-05-31T21:30:49.872+0000] {processor.py:183} INFO - Processing /opt/airflow/dags/bcb_pipeline.py took 0.269 seconds
[2026-05-31T21:31:20.962+0000] {processor.py:161} INFO - Started process (PID=184) to work on /opt/airflow/dags/bcb_pipeline.py
[2026-05-31T21:31:20.967+0000] {processor.py:830} INFO - Processing file /opt/airflow/dags/bcb_pipeline.py for tasks to queue
[2026-05-31T21:31:20.977+0000] {logging_mixin.py:188} INFO - [2026-05-31T21:31:20.975+0000] {dagbag.py:545} INFO - Filling up the DagBag from /opt/airflow/dags/bcb_pipeline.py
[2026-05-31T21:31:21.062+0000] {processor.py:840} INFO - DAG(s) 'bcb_lakehouse_pipeline' retrieved from /opt/airflow/dags/bcb_pipeline.py
[2026-05-31T21:31:21.165+0000] {logging_mixin.py:188} INFO - [2026-05-31T21:31:21.165+0000] {dag.py:3096} INFO - Sync 1 DAGs
[2026-05-31T21:31:21.257+0000] {logging_mixin.py:188} INFO - [2026-05-31T21:31:21.256+0000] {dag.py:3954} INFO - Setting next_dagrun for bcb_lakehouse_pipeline to 2026-05-31 00:00:00+00:00, run_after=2026-06-01 00:00:00+00:00
[2026-05-31T21:31:21.303+0000] {processor.py:183} INFO - Processing /opt/airflow/dags/bcb_pipeline.py took 0.385 seconds
[2026-05-31T21:31:51.657+0000] {processor.py:161} INFO - Started process (PID=191) to work on /opt/airflow/dags/bcb_pipeline.py
[2026-05-31T21:31:51.659+0000] {processor.py:830} INFO - Processing file /opt/airflow/dags/bcb_pipeline.py for tasks to queue
[2026-05-31T21:31:51.663+0000] {logging_mixin.py:188} INFO - [2026-05-31T21:31:51.663+0000] {dagbag.py:545} INFO - Filling up the DagBag from /opt/airflow/dags/bcb_pipeline.py
[2026-05-31T21:31:51.701+0000] {processor.py:840} INFO - DAG(s) 'bcb_lakehouse_pipeline' retrieved from /opt/airflow/dags/bcb_pipeline.py
[2026-05-31T21:31:51.775+0000] {logging_mixin.py:188} INFO - [2026-05-31T21:31:51.775+0000] {dag.py:3096} INFO - Sync 1 DAGs
[2026-05-31T21:31:51.882+0000] {logging_mixin.py:188} INFO - [2026-05-31T21:31:51.882+0000] {dag.py:3954} INFO - Setting next_dagrun for bcb_lakehouse_pipeline to 2026-05-31 00:00:00+00:00, run_after=2026-06-01 00:00:00+00:00
[2026-05-31T21:31:51.946+0000] {processor.py:183} INFO - Processing /opt/airflow/dags/bcb_pipeline.py took 0.303 seconds
[2026-05-31T21:32:22.471+0000] {processor.py:161} INFO - Started process (PID=198) to work on /opt/airflow/dags/bcb_pipeline.py
[2026-05-31T21:32:22.473+0000] {processor.py:830} INFO - Processing file /opt/airflow/dags/bcb_pipeline.py for tasks to queue
[2026-05-31T21:32:22.476+0000] {logging_mixin.py:188} INFO - [2026-05-31T21:32:22.476+0000] {dagbag.py:545} INFO - Filling up the DagBag from /opt/airflow/dags/bcb_pipeline.py
[2026-05-31T21:32:22.514+0000] {processor.py:840} INFO - DAG(s) 'bcb_lakehouse_pipeline' retrieved from /opt/airflow/dags/bcb_pipeline.py
[2026-05-31T21:32:22.564+0000] {logging_mixin.py:188} INFO - [2026-05-31T21:32:22.563+0000] {dag.py:3096} INFO - Sync 1 DAGs
[2026-05-31T21:32:22.599+0000] {logging_mixin.py:188} INFO - [2026-05-31T21:32:22.599+0000] {dag.py:3954} INFO - Setting next_dagrun for bcb_lakehouse_pipeline to 2026-05-31 00:00:00+00:00, run_after=2026-06-01 00:00:00+00:00
[2026-05-31T21:32:22.628+0000] {processor.py:183} INFO - Processing /opt/airflow/dags/bcb_pipeline.py took 0.170 seconds
[2026-05-31T21:32:52.758+0000] {processor.py:161} INFO - Started process (PID=199) to work on /opt/airflow/dags/bcb_pipeline.py
[2026-05-31T21:32:52.760+0000] {processor.py:830} INFO - Processing file /opt/airflow/dags/bcb_pipeline.py for tasks to queue
[2026-05-31T21:32:52.764+0000] {logging_mixin.py:188} INFO - [2026-05-31T21:32:52.764+0000] {dagbag.py:545} INFO - Filling up the DagBag from /opt/airflow/dags/bcb_pipeline.py
[2026-05-31T21:32:52.804+0000] {processor.py:840} INFO - DAG(s) 'bcb_lakehouse_pipeline' retrieved from /opt/airflow/dags/bcb_pipeline.py
[2026-05-31T21:32:52.859+0000] {logging_mixin.py:188} INFO - [2026-05-31T21:32:52.859+0000] {dag.py:3096} INFO - Sync 1 DAGs
[2026-05-31T21:32:52.895+0000] {logging_mixin.py:188} INFO - [2026-05-31T21:32:52.895+0000] {dag.py:3954} INFO - Setting next_dagrun for bcb_lakehouse_pipeline to 2026-05-31 00:00:00+00:00, run_after=2026-06-01 00:00:00+00:00
[2026-05-31T21:32:52.963+0000] {processor.py:183} INFO - Processing /opt/airflow/dags/bcb_pipeline.py took 0.217 seconds
[2026-05-31T21:33:23.049+0000] {processor.py:161} INFO - Started process (PID=238) to work on /opt/airflow/dags/bcb_pipeline.py
[2026-05-31T21:33:23.051+0000] {processor.py:830} INFO - Processing file /opt/airflow/dags/bcb_pipeline.py for tasks to queue
[2026-05-31T21:33:23.055+0000] {logging_mixin.py:188} INFO - [2026-05-31T21:33:23.054+0000] {dagbag.py:545} INFO - Filling up the DagBag from /opt/airflow/dags/bcb_pipeline.py
[2026-05-31T21:33:23.101+0000] {processor.py:840} INFO - DAG(s) 'bcb_lakehouse_pipeline' retrieved from /opt/airflow/dags/bcb_pipeline.py
[2026-05-31T21:33:23.148+0000] {logging_mixin.py:188} INFO - [2026-05-31T21:33:23.147+0000] {dag.py:3096} INFO - Sync 1 DAGs
[2026-05-31T21:33:23.184+0000] {logging_mixin.py:188} INFO - [2026-05-31T21:33:23.184+0000] {dag.py:3954} INFO - Setting next_dagrun for bcb_lakehouse_pipeline to 2026-05-31 00:00:00+00:00, run_after=2026-06-01 00:00:00+00:00
[2026-05-31T21:33:23.251+0000] {processor.py:183} INFO - Processing /opt/airflow/dags/bcb_pipeline.py took 0.213 seconds
[2026-05-31T21:33:53.403+0000] {processor.py:161} INFO - Started process (PID=239) to work on /opt/airflow/dags/bcb_pipeline.py
[2026-05-31T21:33:53.406+0000] {processor.py:830} INFO - Processing file /opt/airflow/dags/bcb_pipeline.py for tasks to queue
[2026-05-31T21:33:53.410+0000] {logging_mixin.py:188} INFO - [2026-05-31T21:33:53.410+0000] {dagbag.py:545} INFO - Filling up the DagBag from /opt/airflow/dags/bcb_pipeline.py
[2026-05-31T21:33:53.453+0000] {processor.py:840} INFO - DAG(s) 'bcb_lakehouse_pipeline' retrieved from /opt/airflow/dags/bcb_pipeline.py
[2026-05-31T21:33:53.514+0000] {logging_mixin.py:188} INFO - [2026-05-31T21:33:53.513+0000] {dag.py:3096} INFO - Sync 1 DAGs
[2026-05-31T21:33:53.553+0000] {logging_mixin.py:188} INFO - [2026-05-31T21:33:53.553+0000] {dag.py:3954} INFO - Setting next_dagrun for bcb_lakehouse_pipeline to 2026-05-31 00:00:00+00:00, run_after=2026-06-01 00:00:00+00:00
[2026-05-31T21:33:53.584+0000] {processor.py:183} INFO - Processing /opt/airflow/dags/bcb_pipeline.py took 0.192 seconds
[2026-05-31T21:34:24.558+0000] {processor.py:161} INFO - Started process (PID=240) to work on /opt/airflow/dags/bcb_pipeline.py
[2026-05-31T21:34:24.560+0000] {processor.py:830} INFO - Processing file /opt/airflow/dags/bcb_pipeline.py for tasks to queue
[2026-05-31T21:34:24.563+0000] {logging_mixin.py:188} INFO - [2026-05-31T21:34:24.563+0000] {dagbag.py:545} INFO - Filling up the DagBag from /opt/airflow/dags/bcb_pipeline.py
[2026-05-31T21:34:24.599+0000] {processor.py:840} INFO - DAG(s) 'bcb_lakehouse_pipeline' retrieved from /opt/airflow/dags/bcb_pipeline.py
[2026-05-31T21:34:24.645+0000] {logging_mixin.py:188} INFO - [2026-05-31T21:34:24.644+0000] {dag.py:3096} INFO - Sync 1 DAGs
[2026-05-31T21:34:24.684+0000] {logging_mixin.py:188} INFO - [2026-05-31T21:34:24.683+0000] {dag.py:3954} INFO - Setting next_dagrun for bcb_lakehouse_pipeline to 2026-05-31 00:00:00+00:00, run_after=2026-06-01 00:00:00+00:00
[2026-05-31T21:34:24.756+0000] {processor.py:183} INFO - Processing /opt/airflow/dags/bcb_pipeline.py took 0.209 seconds
[2026-05-31T21:34:55.100+0000] {processor.py:161} INFO - Started process (PID=241) to work on /opt/airflow/dags/bcb_pipeline.py
[2026-05-31T21:34:55.102+0000] {processor.py:830} INFO - Processing file /opt/airflow/dags/bcb_pipeline.py for tasks to queue
[2026-05-31T21:34:55.105+0000] {logging_mixin.py:188} INFO - [2026-05-31T21:34:55.105+0000] {dagbag.py:545} INFO - Filling up the DagBag from /opt/airflow/dags/bcb_pipeline.py
[2026-05-31T21:34:55.130+0000] {processor.py:840} INFO - DAG(s) 'bcb_lakehouse_pipeline' retrieved from /opt/airflow/dags/bcb_pipeline.py
[2026-05-31T21:34:55.166+0000] {logging_mixin.py:188} INFO - [2026-05-31T21:34:55.166+0000] {dag.py:3096} INFO - Sync 1 DAGs
[2026-05-31T21:34:55.193+0000] {logging_mixin.py:188} INFO - [2026-05-31T21:34:55.192+0000] {dag.py:3954} INFO - Setting next_dagrun for bcb_lakehouse_pipeline to 2026-05-31 00:00:00+00:00, run_after=2026-06-01 00:00:00+00:00
[2026-05-31T21:34:55.215+0000] {processor.py:183} INFO - Processing /opt/airflow/dags/bcb_pipeline.py took 0.123 seconds
[2026-05-31T21:35:26.412+0000] {processor.py:161} INFO - Started process (PID=242) to work on /opt/airflow/dags/bcb_pipeline.py
[2026-05-31T21:35:26.414+0000] {processor.py:830} INFO - Processing file /opt/airflow/dags/bcb_pipeline.py for tasks to queue
[2026-05-31T21:35:26.418+0000] {logging_mixin.py:188} INFO - [2026-05-31T21:35:26.417+0000] {dagbag.py:545} INFO - Filling up the DagBag from /opt/airflow/dags/bcb_pipeline.py
[2026-05-31T21:35:26.448+0000] {processor.py:840} INFO - DAG(s) 'bcb_lakehouse_pipeline' retrieved from /opt/airflow/dags/bcb_pipeline.py
[2026-05-31T21:35:26.499+0000] {logging_mixin.py:188} INFO - [2026-05-31T21:35:26.499+0000] {dag.py:3096} INFO - Sync 1 DAGs
[2026-05-31T21:35:26.532+0000] {logging_mixin.py:188} INFO - [2026-05-31T21:35:26.532+0000] {dag.py:3954} INFO - Setting next_dagrun for bcb_lakehouse_pipeline to 2026-05-31 00:00:00+00:00, run_after=2026-06-01 00:00:00+00:00
[2026-05-31T21:35:26.572+0000] {processor.py:183} INFO - Processing /opt/airflow/dags/bcb_pipeline.py took 0.168 seconds
[2026-05-31T21:35:57.346+0000] {processor.py:161} INFO - Started process (PID=243) to work on /opt/airflow/dags/bcb_pipeline.py
[2026-05-31T21:35:57.348+0000] {processor.py:830} INFO - Processing file /opt/airflow/dags/bcb_pipeline.py for tasks to queue
[2026-05-31T21:35:57.351+0000] {logging_mixin.py:188} INFO - [2026-05-31T21:35:57.351+0000] {dagbag.py:545} INFO - Filling up the DagBag from /opt/airflow/dags/bcb_pipeline.py
[2026-05-31T21:35:57.389+0000] {processor.py:840} INFO - DAG(s) 'bcb_lakehouse_pipeline' retrieved from /opt/airflow/dags/bcb_pipeline.py
[2026-05-31T21:35:57.446+0000] {logging_mixin.py:188} INFO - [2026-05-31T21:35:57.446+0000] {dag.py:3096} INFO - Sync 1 DAGs
[2026-05-31T21:35:57.494+0000] {logging_mixin.py:188} INFO - [2026-05-31T21:35:57.493+0000] {dag.py:3954} INFO - Setting next_dagrun for bcb_lakehouse_pipeline to 2026-05-31 00:00:00+00:00, run_after=2026-06-01 00:00:00+00:00
[2026-05-31T21:35:57.540+0000] {processor.py:183} INFO - Processing /opt/airflow/dags/bcb_pipeline.py took 0.206 seconds
[2026-05-31T21:36:28.022+0000] {processor.py:161} INFO - Started process (PID=244) to work on /opt/airflow/dags/bcb_pipeline.py
[2026-05-31T21:36:28.025+0000] {processor.py:830} INFO - Processing file /opt/airflow/dags/bcb_pipeline.py for tasks to queue
[2026-05-31T21:36:28.027+0000] {logging_mixin.py:188} INFO - [2026-05-31T21:36:28.027+0000] {dagbag.py:545} INFO - Filling up the DagBag from /opt/airflow/dags/bcb_pipeline.py
[2026-05-31T21:36:28.064+0000] {processor.py:840} INFO - DAG(s) 'bcb_lakehouse_pipeline' retrieved from /opt/airflow/dags/bcb_pipeline.py
[2026-05-31T21:36:28.159+0000] {logging_mixin.py:188} INFO - [2026-05-31T21:36:28.158+0000] {dag.py:3096} INFO - Sync 1 DAGs
[2026-05-31T21:36:28.213+0000] {logging_mixin.py:188} INFO - [2026-05-31T21:36:28.213+0000] {dag.py:3954} INFO - Setting next_dagrun for bcb_lakehouse_pipeline to 2026-05-31 00:00:00+00:00, run_after=2026-06-01 00:00:00+00:00
[2026-05-31T21:36:28.288+0000] {processor.py:183} INFO - Processing /opt/airflow/dags/bcb_pipeline.py took 0.274 seconds
[2026-05-31T21:36:58.657+0000] {processor.py:161} INFO - Started process (PID=245) to work on /opt/airflow/dags/bcb_pipeline.py
[2026-05-31T21:36:58.658+0000] {processor.py:830} INFO - Processing file /opt/airflow/dags/bcb_pipeline.py for tasks to queue
[2026-05-31T21:36:58.661+0000] {logging_mixin.py:188} INFO - [2026-05-31T21:36:58.661+0000] {dagbag.py:545} INFO - Filling up the DagBag from /opt/airflow/dags/bcb_pipeline.py
[2026-05-31T21:36:58.702+0000] {processor.py:840} INFO - DAG(s) 'bcb_lakehouse_pipeline' retrieved from /opt/airflow/dags/bcb_pipeline.py
[2026-05-31T21:36:58.781+0000] {logging_mixin.py:188} INFO - [2026-05-31T21:36:58.780+0000] {dag.py:3096} INFO - Sync 1 DAGs
[2026-05-31T21:36:58.816+0000] {logging_mixin.py:188} INFO - [2026-05-31T21:36:58.815+0000] {dag.py:3954} INFO - Setting next_dagrun for bcb_lakehouse_pipeline to 2026-05-31 00:00:00+00:00, run_after=2026-06-01 00:00:00+00:00
[2026-05-31T21:36:58.889+0000] {processor.py:183} INFO - Processing /opt/airflow/dags/bcb_pipeline.py took 0.241 seconds
