[2026-05-31T21:29:53.781+0000] {local_task_job_runner.py:120} INFO - ::group::Pre task execution logs
[2026-05-31T21:29:53.813+0000] {taskinstance.py:2076} INFO - Dependencies all met for dep_context=non-requeueable deps ti=<TaskInstance: bcb_lakehouse_pipeline.bronze_layer scheduled__2026-05-30T00:00:00+00:00 [queued]>
[2026-05-31T21:29:53.820+0000] {taskinstance.py:2076} INFO - Dependencies all met for dep_context=requeueable deps ti=<TaskInstance: bcb_lakehouse_pipeline.bronze_layer scheduled__2026-05-30T00:00:00+00:00 [queued]>
[2026-05-31T21:29:53.821+0000] {taskinstance.py:2306} INFO - Starting attempt 1 of 1
[2026-05-31T21:29:53.833+0000] {taskinstance.py:2330} INFO - Executing <Task(BashOperator): bronze_layer> on 2026-05-30 00:00:00+00:00
[2026-05-31T21:29:53.840+0000] {standard_task_runner.py:63} INFO - Started process 144 to run task
[2026-05-31T21:29:53.845+0000] {standard_task_runner.py:90} INFO - Running: ['airflow', 'tasks', 'run', 'bcb_lakehouse_pipeline', 'bronze_layer', 'scheduled__2026-05-30T00:00:00+00:00', '--job-id', '3', '--raw', '--subdir', 'DAGS_FOLDER/bcb_pipeline.py', '--cfg-path', '/tmp/tmp8alaneds']
[2026-05-31T21:29:53.847+0000] {standard_task_runner.py:91} INFO - Job 3: Subtask bronze_layer
[2026-05-31T21:29:53.994+0000] {task_command.py:426} INFO - Running <TaskInstance: bcb_lakehouse_pipeline.bronze_layer scheduled__2026-05-30T00:00:00+00:00 [running]> on host cf4890a23e33
[2026-05-31T21:29:54.138+0000] {taskinstance.py:2648} INFO - Exporting env vars: AIRFLOW_CTX_DAG_OWNER='airflow' AIRFLOW_CTX_DAG_ID='bcb_lakehouse_pipeline' AIRFLOW_CTX_TASK_ID='bronze_layer' AIRFLOW_CTX_EXECUTION_DATE='2026-05-30T00:00:00+00:00' AIRFLOW_CTX_TRY_NUMBER='1' AIRFLOW_CTX_DAG_RUN_ID='scheduled__2026-05-30T00:00:00+00:00'
[2026-05-31T21:29:54.139+0000] {taskinstance.py:430} INFO - ::endgroup::
[2026-05-31T21:29:54.188+0000] {subprocess.py:63} INFO - Tmp dir root location: /tmp
[2026-05-31T21:29:54.190+0000] {subprocess.py:75} INFO - Running command: ['/usr/bin/bash', '-c', 'cd /app && python3 -m processing.bronze_layer']
[2026-05-31T21:29:54.206+0000] {subprocess.py:86} INFO - Output:
[2026-05-31T21:29:54.334+0000] {subprocess.py:93} INFO - Traceback (most recent call last):
[2026-05-31T21:29:54.335+0000] {subprocess.py:93} INFO -   File "<frozen runpy>", line 198, in _run_module_as_main
[2026-05-31T21:29:54.335+0000] {subprocess.py:93} INFO -   File "<frozen runpy>", line 88, in _run_code
[2026-05-31T21:29:54.335+0000] {subprocess.py:93} INFO -   File "/app/processing/bronze_layer.py", line 1, in <module>
[2026-05-31T21:29:54.337+0000] {subprocess.py:93} INFO -     from pyspark.sql import SparkSession
[2026-05-31T21:29:54.337+0000] {subprocess.py:93} INFO - ModuleNotFoundError: No module named 'pyspark'
[2026-05-31T21:29:54.342+0000] {subprocess.py:97} INFO - Command exited with return code 1
[2026-05-31T21:29:54.343+0000] {taskinstance.py:441} INFO - ::group::Post task execution logs
[2026-05-31T21:29:54.403+0000] {taskinstance.py:2905} ERROR - Task failed with exception
Traceback (most recent call last):
  File "/home/airflow/.local/lib/python3.12/site-packages/airflow/models/taskinstance.py", line 465, in _execute_task
    result = _execute_callable(context=context, **execute_callable_kwargs)
             ^^^^^^^^^^^^^^^^^^^^^^^^^^^^^^^^^^^^^^^^^^^^^^^^^^^^^^^^^^^^^
  File "/home/airflow/.local/lib/python3.12/site-packages/airflow/models/taskinstance.py", line 432, in _execute_callable
    return execute_callable(context=context, **execute_callable_kwargs)
           ^^^^^^^^^^^^^^^^^^^^^^^^^^^^^^^^^^^^^^^^^^^^^^^^^^^^^^^^^^^^
  File "/home/airflow/.local/lib/python3.12/site-packages/airflow/models/baseoperator.py", line 400, in wrapper
    return func(self, *args, **kwargs)
           ^^^^^^^^^^^^^^^^^^^^^^^^^^^
  File "/home/airflow/.local/lib/python3.12/site-packages/airflow/operators/bash.py", line 243, in execute
    raise AirflowException(
airflow.exceptions.AirflowException: Bash command failed. The command returned a non-zero exit code 1.
[2026-05-31T21:29:54.408+0000] {taskinstance.py:1206} INFO - Marking task as FAILED. dag_id=bcb_lakehouse_pipeline, task_id=bronze_layer, run_id=scheduled__2026-05-30T00:00:00+00:00, execution_date=20260530T000000, start_date=20260531T212953, end_date=20260531T212954
[2026-05-31T21:29:54.425+0000] {standard_task_runner.py:110} ERROR - Failed to execute job 3 for task bronze_layer (Bash command failed. The command returned a non-zero exit code 1.; 144)
[2026-05-31T21:29:54.459+0000] {local_task_job_runner.py:240} INFO - Task exited with return code 1
[2026-05-31T21:29:54.490+0000] {taskinstance.py:3498} INFO - 0 downstream tasks scheduled from follow-on schedule check
[2026-05-31T21:29:54.495+0000] {local_task_job_runner.py:222} INFO - ::endgroup::
