[0m20:35:44.748960 [debug] [MainThread]: Sending event: {'category': 'dbt', 'action': 'invocation', 'label': 'start', 'context': [<snowplow_tracker.self_describing_json.SelfDescribingJson object at 0x7eabf177f9b0>, <snowplow_tracker.self_describing_json.SelfDescribingJson object at 0x7eabed557cb0>, <snowplow_tracker.self_describing_json.SelfDescribingJson object at 0x7eabef4d41a0>]}


============================== 20:35:44.762453 | e05a5c68-fc2f-4745-ae34-3635fe45ff13 ==============================
[0m20:35:44.762453 [info ] [MainThread]: Running with dbt=1.11.11
[0m20:35:44.764945 [debug] [MainThread]: running dbt with arguments {'introspect': 'True', 'debug': 'False', 'indirect_selection': 'eager', 'use_experimental_parser': 'False', 'profiles_dir': '/home/airflow/.dbt', 'version_check': 'True', 'target_path': 'None', 'warn_error': 'None', 'empty': 'None', 'no_print': 'None', 'log_path': 'logs', 'printer_width': '80', 'fail_fast': 'False', 'send_anonymous_usage_stats': 'True', 'warn_error_options': 'WarnErrorOptionsV2(error=[], warn=[], silence=[])', 'log_format': 'default', 'quiet': 'False', 'cache_selected_only': 'False', 'invocation_command': 'dbt init bcb_dbt', 'use_colors': 'True', 'static_parser': 'True', 'write_json': 'True', 'partial_parse': 'True', 'log_cache_events': 'False'}
[0m20:35:44.776522 [info ] [MainThread]: Creating dbt configuration folder at /home/airflow/.dbt
[0m20:35:44.781626 [debug] [MainThread]: Starter project path: /home/airflow/.local/lib/python3.12/site-packages/dbt/include/starter_project
[0m20:35:44.994978 [info ] [MainThread]: 
Your new dbt project "bcb_dbt" was created!

For more information on how to configure the profiles.yml file,
please consult the dbt documentation here:

  https://docs.getdbt.com/docs/configure-your-profile

One more thing:

Need help? Don't hesitate to reach out to us via GitHub issues or on Slack:

  https://community.getdbt.com/

Happy modeling!

[0m20:35:44.996839 [info ] [MainThread]: Setting up your profile.
[0m20:36:56.273035 [info ] [MainThread]: Profile bcb_dbt written to /home/airflow/.dbt/profiles.yml using target's profile_template.yml and your supplied values. Run 'dbt debug' to validate the connection.
[0m20:36:56.277769 [debug] [MainThread]: Resource report: {"command_name": "init", "command_success": true, "command_wall_clock_time": 70.79393, "process_in_blocks": "2680", "process_kernel_time": 0.527932, "process_mem_max_rss": "111108", "process_out_blocks": "1912", "process_user_time": 2.568841}
[0m20:36:56.280134 [debug] [MainThread]: Command `dbt init` succeeded at 20:36:56.279859 after 70.80 seconds
[0m20:36:56.282243 [debug] [MainThread]: Sending event: {'category': 'dbt', 'action': 'invocation', 'label': 'end', 'context': [<snowplow_tracker.self_describing_json.SelfDescribingJson object at 0x7eabee5924b0>, <snowplow_tracker.self_describing_json.SelfDescribingJson object at 0x7eabedde5250>, <snowplow_tracker.self_describing_json.SelfDescribingJson object at 0x7eabed1d7620>]}
[0m20:36:56.284368 [debug] [MainThread]: Flushing usage events
[0m20:36:58.061682 [debug] [MainThread]: An error was encountered while trying to flush usage events
