[2026-05-31T21:26:43.856+0000] {manager.py:470} INFO - Processing files using up to 2 processes at a time 
[2026-05-31T21:26:43.858+0000] {manager.py:471} INFO - Process each file at most once every 30 seconds
[2026-05-31T21:26:43.859+0000] {manager.py:472} INFO - Checking for new files in /opt/airflow/dags every 300 seconds
[2026-05-31T21:26:43.860+0000] {manager.py:737} INFO - Searching for files in /opt/airflow/dags
[2026-05-31T21:26:43.888+0000] {manager.py:740} INFO - There are 1 files in /opt/airflow/dags
[2026-05-31T21:26:44.008+0000] {manager.py:878} INFO - 
================================================================================
DAG File Processing Stats

File Path                            PID  Runtime      # DAGs    # Errors  Last Runtime    Last Run
---------------------------------  -----  ---------  --------  ----------  --------------  ----------
/opt/airflow/dags/bcb_pipeline.py     93  0.05s             0           0
================================================================================
[2026-05-31T21:27:15.224+0000] {manager.py:878} INFO - 
================================================================================
DAG File Processing Stats

File Path                          PID    Runtime      # DAGs    # Errors  Last Runtime    Last Run
---------------------------------  -----  ---------  --------  ----------  --------------  -------------------
/opt/airflow/dags/bcb_pipeline.py                           1           0  0.41s           2026-05-31T21:27:14
================================================================================
[2026-05-31T21:27:47.948+0000] {manager.py:878} INFO - 
================================================================================
DAG File Processing Stats

File Path                          PID    Runtime      # DAGs    # Errors  Last Runtime    Last Run
---------------------------------  -----  ---------  --------  ----------  --------------  -------------------
/opt/airflow/dags/bcb_pipeline.py                           1           0  0.26s           2026-05-31T21:27:45
================================================================================
[2026-05-31T21:28:19.298+0000] {manager.py:878} INFO - 
================================================================================
DAG File Processing Stats

File Path                          PID    Runtime      # DAGs    # Errors  Last Runtime    Last Run
---------------------------------  -----  ---------  --------  ----------  --------------  -------------------
/opt/airflow/dags/bcb_pipeline.py                           1           0  0.16s           2026-05-31T21:28:15
================================================================================
[2026-05-31T21:28:50.576+0000] {manager.py:878} INFO - 
================================================================================
DAG File Processing Stats

File Path                          PID    Runtime      # DAGs    # Errors  Last Runtime    Last Run
---------------------------------  -----  ---------  --------  ----------  --------------  -------------------
/opt/airflow/dags/bcb_pipeline.py                           1           0  0.28s           2026-05-31T21:28:45
================================================================================
[2026-05-31T21:29:21.143+0000] {manager.py:878} INFO - 
================================================================================
DAG File Processing Stats

File Path                          PID    Runtime      # DAGs    # Errors  Last Runtime    Last Run
---------------------------------  -----  ---------  --------  ----------  --------------  -------------------
/opt/airflow/dags/bcb_pipeline.py                           1           0  0.26s           2026-05-31T21:29:16
================================================================================
[2026-05-31T21:29:54.077+0000] {manager.py:878} INFO - 
================================================================================
DAG File Processing Stats

File Path                          PID    Runtime      # DAGs    # Errors  Last Runtime    Last Run
---------------------------------  -----  ---------  --------  ----------  --------------  -------------------
/opt/airflow/dags/bcb_pipeline.py                           1           0  0.25s           2026-05-31T21:29:48
================================================================================
[2026-05-31T21:30:25.424+0000] {manager.py:878} INFO - 
================================================================================
DAG File Processing Stats

File Path                          PID    Runtime      # DAGs    # Errors  Last Runtime    Last Run
---------------------------------  -----  ---------  --------  ----------  --------------  -------------------
/opt/airflow/dags/bcb_pipeline.py                           1           0  0.19s           2026-05-31T21:30:18
================================================================================
[2026-05-31T21:30:56.737+0000] {manager.py:878} INFO - 
================================================================================
DAG File Processing Stats

File Path                          PID    Runtime      # DAGs    # Errors  Last Runtime    Last Run
---------------------------------  -----  ---------  --------  ----------  --------------  -------------------
/opt/airflow/dags/bcb_pipeline.py                           1           0  0.34s           2026-05-31T21:30:49
================================================================================
[2026-05-31T21:31:28.045+0000] {manager.py:878} INFO - 
================================================================================
DAG File Processing Stats

File Path                          PID    Runtime      # DAGs    # Errors  Last Runtime    Last Run
---------------------------------  -----  ---------  --------  ----------  --------------  -------------------
/opt/airflow/dags/bcb_pipeline.py                           1           0  0.51s           2026-05-31T21:31:21
================================================================================
[2026-05-31T21:31:44.151+0000] {manager.py:737} INFO - Searching for files in /opt/airflow/dags
[2026-05-31T21:31:44.220+0000] {manager.py:740} INFO - There are 1 files in /opt/airflow/dags
[2026-05-31T21:31:58.666+0000] {manager.py:878} INFO - 
================================================================================
DAG File Processing Stats

File Path                          PID    Runtime      # DAGs    # Errors  Last Runtime    Last Run
---------------------------------  -----  ---------  --------  ----------  --------------  -------------------
/opt/airflow/dags/bcb_pipeline.py                           1           0  0.40s           2026-05-31T21:31:51
================================================================================
[2026-05-31T21:32:29.472+0000] {manager.py:878} INFO - 
================================================================================
DAG File Processing Stats

File Path                          PID    Runtime      # DAGs    # Errors  Last Runtime    Last Run
---------------------------------  -----  ---------  --------  ----------  --------------  -------------------
/opt/airflow/dags/bcb_pipeline.py                           1           0  0.24s           2026-05-31T21:32:22
================================================================================
[2026-05-31T21:33:00.955+0000] {manager.py:878} INFO - 
================================================================================
DAG File Processing Stats

File Path                          PID    Runtime      # DAGs    # Errors  Last Runtime    Last Run
---------------------------------  -----  ---------  --------  ----------  --------------  -------------------
/opt/airflow/dags/bcb_pipeline.py                           1           0  0.26s           2026-05-31T21:32:52
================================================================================
[2026-05-31T21:33:32.107+0000] {manager.py:878} INFO - 
================================================================================
DAG File Processing Stats

File Path                          PID    Runtime      # DAGs    # Errors  Last Runtime    Last Run
---------------------------------  -----  ---------  --------  ----------  --------------  -------------------
/opt/airflow/dags/bcb_pipeline.py                           1           0  0.26s           2026-05-31T21:33:23
================================================================================
[2026-05-31T21:34:02.597+0000] {manager.py:878} INFO - 
================================================================================
DAG File Processing Stats

File Path                          PID    Runtime      # DAGs    # Errors  Last Runtime    Last Run
---------------------------------  -----  ---------  --------  ----------  --------------  -------------------
/opt/airflow/dags/bcb_pipeline.py                           1           0  0.24s           2026-05-31T21:33:53
================================================================================
[2026-05-31T21:34:33.616+0000] {manager.py:878} INFO - 
================================================================================
DAG File Processing Stats

File Path                          PID    Runtime      # DAGs    # Errors  Last Runtime    Last Run
---------------------------------  -----  ---------  --------  ----------  --------------  -------------------
/opt/airflow/dags/bcb_pipeline.py                           1           0  0.31s           2026-05-31T21:34:24
================================================================================
[2026-05-31T21:35:05.274+0000] {manager.py:878} INFO - 
================================================================================
DAG File Processing Stats

File Path                          PID    Runtime      # DAGs    # Errors  Last Runtime    Last Run
---------------------------------  -----  ---------  --------  ----------  --------------  -------------------
/opt/airflow/dags/bcb_pipeline.py                           1           0  0.19s           2026-05-31T21:34:55
================================================================================
[2026-05-31T21:35:36.451+0000] {manager.py:878} INFO - 
================================================================================
DAG File Processing Stats

File Path                          PID    Runtime      # DAGs    # Errors  Last Runtime    Last Run
---------------------------------  -----  ---------  --------  ----------  --------------  -------------------
/opt/airflow/dags/bcb_pipeline.py                           1           0  0.22s           2026-05-31T21:35:26
================================================================================
[2026-05-31T21:35:58.433+0000] {manager.py:878} INFO - 
================================================================================
DAG File Processing Stats

File Path                          PID    Runtime      # DAGs    # Errors  Last Runtime    Last Run
---------------------------------  -----  ---------  --------  ----------  --------------  -------------------
/opt/airflow/dags/bcb_pipeline.py                           1           0  0.28s           2026-05-31T21:35:57
================================================================================
[2026-05-31T21:36:41.150+0000] {manager.py:878} INFO - 
================================================================================
DAG File Processing Stats

File Path                          PID    Runtime      # DAGs    # Errors  Last Runtime    Last Run
---------------------------------  -----  ---------  --------  ----------  --------------  -------------------
/opt/airflow/dags/bcb_pipeline.py                           1           0  0.32s           2026-05-31T21:36:28
================================================================================
[2026-05-31T21:36:44.167+0000] {manager.py:737} INFO - Searching for files in /opt/airflow/dags
[2026-05-31T21:36:44.188+0000] {manager.py:740} INFO - There are 1 files in /opt/airflow/dags
[2026-05-31T21:37:12.517+0000] {manager.py:878} INFO - 
================================================================================
DAG File Processing Stats

File Path                          PID    Runtime      # DAGs    # Errors  Last Runtime    Last Run
---------------------------------  -----  ---------  --------  ----------  --------------  -------------------
/opt/airflow/dags/bcb_pipeline.py                           1           0  0.32s           2026-05-31T21:36:58
================================================================================
